[sahibinden.tr-s.com.tr/mobilacb2.html]
[backblue.gif]
[fade.gif]
[index.html]
[unpkg.com/swiper/swiper-bundle.min.3.delayed]
[unpkg.com/swiper@9.4.1/swiper-bundle.min.css]
[sahibinden.tr-s.com.tr/dosyalar/resim/173749690.jpg]
[sahibinden.tr-s.com.tr/dosyalar/resim/259330911.jpg]
[sahibinden.tr-s.com.tr/dosyalar/resim/575844327.jpg]
[sahibinden.tr-s.com.tr/dosyalar/resim/74465143.jpg]
[sahibinden.tr-s.com.tr/dosyalar/resim/657792395.jpg]
[sahibinden.tr-s.com.tr/assets/adres/images/etbis.png]
[sahibinden.tr-s.com.tr/assets/mobil/images/agent-placeholder_34ab869881b6340066905bbef1ed694a.png]
[sahibinden.tr-s.com.tr/assets/mobil/java/gallery.js]
[sahibinden.tr-s.com.tr/assets/mobil/java/responsiveGallery.js]
[sahibinden.tr-s.com.tr/assets/mobil/java/commonmob.js]
[unpkg.com/swiper/swiper-bundle.min.js]
[sahibinden.tr-s.com.tr/mobilacb2.html]
[unpkg.com/swiper@9.4.1/swiper-bundle.min.js]
[s0.shbdn.com/assets/images/header_c6b3129350353426751445b895a83cd7.png]
[s0.shbdn.com/assets/images/header_2x_e128c32e6c3632344852d5d52f683bba.png]
[s0.shbdn.com/assets/images/password_hide_4e3854c839e1974448171eaef3866837.png]
[sahibinden.tr-s.com.tr/assets/mobil/images/info.png]
[s0.shbdn.com/assets/images/footer_431f7032690d6f5c31a44bc8e7413480.png]
[s0.shbdn.com/assets/images/footer_2x_71cd197524765b3c90289d84586e86a4.png]
[s0.shbdn.com/assets/images/group-2_aa3f890f7a83e1ccf00f8a24b53f033b.png]
[s0.shbdn.com/assets/images/ui-bg_highlight-soft_100_eeeeee_1x100_384c3f17709ba0f809b023b6e7b10b84.png]
[s0.shbdn.com/assets/images/loading-80_8602c498a0e73d7c263f23c76b8be093.gif]
[s0.shbdn.com/assets/images/controls_7e263c442fb90cc64a7ba09f0d99a178.png]
[s0.shbdn.com/assets/images/loading_e6611f867d63754b7a2a974fb0a0e7dc.gif]
[s0.shbdn.com/assets/images/form2x_f1110de37cfc1ad6dda18c18adaf6759.png]
[s0.shbdn.com/assets/images/detail_8da7b49a68be47c286076d20366d1ef6.png]
[s0.shbdn.com/assets/images/classifiedDetail_2a3ab34602b39bfe468d866c455bca65.png]
[s0.shbdn.com/assets/images/classifiedDetail_2x_9c20a35a72da57bec8408d2fd1ab3dfe.png]
[s0.shbdn.com/assets/images/paylas_4eb3ef6ff808dae24872975bc3e39ade.png]
[s0.shbdn.com/assets/images/share_e3b2445c399ef6af81ea3fc73e97f618.png]
[s0.shbdn.com/assets/images/10_9367b4efdc17ff6313e3bbbc3550afbe.png]
[s0.shbdn.com/assets/images/uyari_x_77215100b0871f2be109b6a330b2c46c.png]
[s0.shbdn.com/assets/images/title_success_b30f011860cd77b2d986fc85a3bdb475.png]
[s0.shbdn.com/assets/images/signInIcons_8e5a088ef4a360b6e62c55c6181188b1.png]
[s0.shbdn.com/assets/images/paylas_2x_63bbe8c679d5eea33fbcad8ab15a6ad4.png]
[s0.shbdn.com/assets/images/favorite@2x_d6ef2d3ce92f5aee3eda0a8876dbc649.png]
[s0.shbdn.com/assets/images/uyari_2x_56c9bf1b35d32b8babef74d7824aeb56.png]
[s0.shbdn.com/assets/images/check_icon_green_ed8ca9ad75465d10c47457b2d63834e8.png]
[s0.shbdn.com/assets/images/stickyHeader_28f0a764c61d9724f4a1f9acb697da70.png]
[s0.shbdn.com/assets/images/stickyHeader_2x_30c6a0f02b8a12ce481ec77721235ed5.png]
[s0.shbdn.com/assets/images/video_passive_35648402316781a17a3929eb3ee0d540.png]
[s0.shbdn.com/assets/images/loader_0f43051b46e51ba06afbadd25b11b18b.gif]
[s0.shbdn.com/assets/images/favorite-new-list-success_8ade6ad46fc80424b440fc4cd0d48750.png]
[s0.shbdn.com/assets/images/classifiedPriceHistory_2ea83e68c304dfb12fe29a0e61cba74e.png]
[s0.shbdn.com/assets/images/classifiedPriceHistory_2x_ec53d6793cf55a0cace29bc074ab9546.png]
[s0.shbdn.com/assets/images/loading_86b1ac6d1c485d54efa3a53643e91ceb.gif]
[s0.shbdn.com/assets/images/classifiedComparison_7ba46bc8c922ed3c9783b2107c11d05a.png]
[s0.shbdn.com/assets/images/classifiedComparison_2x_2208196c0a9d5e11224d4ae2cb895494.png]
[s0.shbdn.com/assets/images/close-button_cf244f4a950a0625d1bba336168fc411.png]
[s0.shbdn.com/assets/images/left-arrow_4c283f831d51138c26ccd80a1f25a10e.png]
[s0.shbdn.com/assets/images/right-arrow_46be704a044c0290913e17b35c4c5069.png]
[s0.shbdn.com/assets/images/toggle-arrows_3fc1eb3beabf858ebb775cfb1acb72d9.png]
[s0.shbdn.com/assets/images/right-arrow-small_511963c30676a8bd1dd662d280852906.png]
[s0.shbdn.com/assets/images/right-arrow-small-white_288ca182e2ad7eaf68b6efe8fbf9ef37.png]
[s0.shbdn.com/assets/images/left-arrow-small_aaa1edb7e5518d9962c85ee62c0a30f8.png]
[s0.shbdn.com/assets/images/left-arrow-small-white_2f31a489d534f7c808ddf4538b6aa759.png]
[s0.shbdn.com/assets/images/classifiedDetail_646f9feae5f53efb7c918973d29c9fd5.png]
[s0.shbdn.com/assets/images/classifiedDetail_2x_6edd7246f49c84ea7aaa44b96f77b04b.png]
[sahibinden.tr-s.com.tr/assets/mobil/css/font/LucidaGrande.woff]
[sahibinden.tr-s.com.tr/assets/mobil/css/font/LucidaGrande-Bold.woff]
[sahibinden.tr-s.com.tr/assets/mobil/css/app.css]
[sahibinden.tr-s.com.tr/assets/mobil/images/menu_2x_04a16bf99c1eea22404fc23b9c362070.png]
[sahibinden.tr-s.com.tr/assets/mobil/images/classifiedDetail_2x_6edd7246f49c84ea7aaa44b96f77b04b.png]
[sahibinden.tr-s.com.tr/assets/mobil/css/responsive.css]
[unpkg.com/swiper@9.4.1/swiper-bundle.min.css]
[sahibinden.tr-s.com.tr/259330911.html]
[sahibinden.tr-s.com.tr/575844327.html]
[sahibinden.tr-s.com.tr/74465143.html]
[sahibinden.tr-s.com.tr/657792395.html]
[sahibinden.tr-s.com.tr/assets/mobil/images/dialog_4d865e4cfbb82cc8786816009cc2a098.html]
[sahibinden.tr-s.com.tr/assets/mobil/images/dialog_2x_fff94db551162d05440ca0a655b05488.html]
[sahibinden.tr-s.com.tr/assets/mobil/images/modal_b34c34e00c2a2832425231e3114c9900.html]
[sahibinden.tr-s.com.tr/assets/mobil/images/modal_2x_144ed743620a360caf026672b1d47f3c.html]
[sahibinden.tr-s.com.tr/assets/mobil/images/toast_15ed3f0dec302db01b7c6ed86587cfd1.html]
[sahibinden.tr-s.com.tr/assets/mobil/images/toast_2x_e3a8e4f377ff3f20ee1d3c1409f5fc1a.html]
[sahibinden.tr-s.com.tr/assets/mobil/css/font/LucidaGrande.html]
[sahibinden.tr-s.com.tr/assets/mobil/css/font/LucidaGrande-2.html]
[sahibinden.tr-s.com.tr/assets/mobil/css/font/LucidaGrande-3.html]
[sahibinden.tr-s.com.tr/assets/mobil/css/font/LucidaGrande-Bold.html]
[sahibinden.tr-s.com.tr/assets/mobil/css/font/LucidaGrande-Bold-2.html]
[sahibinden.tr-s.com.tr/assets/mobil/css/font/LucidaGrande-Bold-3.html]
[sahibinden.tr-s.com.tr/assets/mobil/images/facebook_4a9d9479bffe06cd52be564eaa33ea52.html]
[sahibinden.tr-s.com.tr/assets/mobil/images/twitter_34d9a0fddfee721f192fd4523e9ddbd0.html]
[sahibinden.tr-s.com.tr/assets/mobil/images/linkedin_78fe4917438b4047feb4c90ee17835be.html]
[sahibinden.tr-s.com.tr/assets/mobil/images/instagram_bcf8c42f7e8e6b6f2852e0d5c6939e2d.html]
[sahibinden.tr-s.com.tr/assets/mobil/images/youtube_6ce7074bc3eeb7c1f84c297f01c82db8.html]
[sahibinden.tr-s.com.tr/assets/mobil/images/home_9b3291785ab5f4641dd0488035311e7f.html]
[sahibinden.tr-s.com.tr/assets/mobil/images/home_2x_092fe5fc20dc7209dc777b7cd560897f.html]
[sahibinden.tr-s.com.tr/assets/mobil/images/m-group-2_2474310ec3bac1fbda872dda68bb13af.html]
[sahibinden.tr-s.com.tr/assets/mobil/images/menu_1852e00b4a859e01eee7b1e9d0914258.html]
[sahibinden.tr-s.com.tr/assets/mobil/images/mobileMenu_c30f47e2861d97c05776f583a890e6d2.html]
[sahibinden.tr-s.com.tr/assets/mobil/images/mobileMenu_2x_f852baaf52b0c4ae9e7a3c9f7953cdd2.html]
[sahibinden.tr-s.com.tr/assets/mobil/images/common_b833abf6de3765225d10a5d9ce930cf9.html]
[sahibinden.tr-s.com.tr/assets/mobil/images/common_2x_53ead7c5bf8746d1d19c3c709114c625.html]
[sahibinden.tr-s.com.tr/assets/mobil/images/store-logos@2x_c2d73d55fa1fdb1bc32ecef7a08a5c2d.html]
[sahibinden.tr-s.com.tr/assets/mobil/images/share_501a3985198905065a362c80564d76c1.html]
[sahibinden.tr-s.com.tr/assets/mobil/images/share_2x_ef44a455e9b89f945f7cde075c0a2fd9.html]
[sahibinden.tr-s.com.tr/assets/mobil/images/classifiedDetail_646f9feae5f53efb7c918973d29c9fd5.html]
[sahibinden.tr-s.com.tr/assets/mobil/images/faceted_search_b07b6c00e0b63cddd3cbc56d57e6b1a1.html]
[sahibinden.tr-s.com.tr/assets/mobil/images/classifiedPriceHistory_2ea83e68c304dfb12fe29a0e61cba74e.html]
[sahibinden.tr-s.com.tr/assets/mobil/images/classifiedPriceHistory_2x_ec53d6793cf55a0cace29bc074ab9546.html]
[sahibinden.tr-s.com.tr/assets/mobil/images/s360-logo-auto_38ceafe906f58e29928f584895a59226.html]
[sahibinden.tr-s.com.tr/assets/mobil/images/s360-logo-estate_cb7ec6b8adf0fcb33786a4143bdbab66.html]
[sahibinden.tr-s.com.tr/assets/mobil/images/secure_4bba0d6d3e560d23d3abaa74b89aeb49.html]
[sahibinden.tr-s.com.tr/assets/mobil/images/sellerProfile_11a9c57bcf91f7f30bb85d38ab05ac37.html]
[sahibinden.tr-s.com.tr/assets/mobil/images/sellerProfile_2x_1b63a3a27a1366d58bd8f12a62b4e1f0.html]
[sahibinden.tr-s.com.tr/assets/mobil/images/creditCards_85664686386af67ea9f7802692bdf5c1.html]
[sahibinden.tr-s.com.tr/assets/mobil/images/loadingx_66cf00370b0eb07c4396deee10c33725.html]
[sahibinden.tr-s.com.tr/assets/mobil/images/fab-overlay-text-menu-estate_476c21491fef67d6915f575db9a35b20.html]
[sahibinden.tr-s.com.tr/assets/mobil/images/fab-overlay-text-services-estate_977d26f6344d01115e9c636f62ed6a50.html]
[sahibinden.tr-s.com.tr/assets/mobil/images/fab-overlay-text-menu-auto_47936d172d95c6b7293e6f30136a7334.html]
[sahibinden.tr-s.com.tr/assets/mobil/images/fab-overlay-text-services-auto_6f221376b80502b8d0064a3a41729630.html]
[sahibinden.tr-s.com.tr/assets/mobil/images/fab-estate_8137a3f1b7928648cc9fc8edb162ec05.html]
[sahibinden.tr-s.com.tr/assets/mobil/images/fab-auto_6b007254f515ce28d1b7d11a086b94c2.html]
[sahibinden.tr-s.com.tr/assets/mobil/images/fab-close_765fa54c4bd968f02f1373e5749b6de2.html]
[sahibinden.tr-s.com.tr/assets/mobil/images/right-arrow-light_e19a26601dbe45bdc32c8540a2770d21.html]
[sahibinden.tr-s.com.tr/assets/mobil/images/search_991d9eaebb294eab135e2b65524eb1e1.html]
[sahibinden.tr-s.com.tr/assets/mobil/images/search_2x_00bdec8167f0b37345aae10392a3d333.html]
[sahibinden.tr-s.com.tr/assets/mobil/images/login_bd92e014ae1da3229ce7721b6dd7dab9.html]
[sahibinden.tr-s.com.tr/assets/mobil/images/login_2x_684105e292aac5ea225b739d5a5bdc48.html]
[sahibinden.tr-s.com.tr/assets/mobil/images/form2x_f1110de37cfc1ad6dda18c18adaf6759.html]
[sahibinden.tr-s.com.tr/assets/mobil/images/real-estate-index-arrows_d6102358026ea81ee062a6ece064e6e1.html]
[sahibinden.tr-s.com.tr/assets/mobil/images/chart-empty_9c7e3a22c50e717efdbef9e1ad082817.html]
[sahibinden.tr-s.com.tr/assets/mobil/images/creditCards2x_ccdc9ac248bccccf64b4345e61521ad8.html]
[sahibinden.tr-s.com.tr/assets/mobil/images/shared_group_f167082d7b2c3f519e12404a8cecb6f3.html]
[sahibinden.tr-s.com.tr/assets/mobil/images/classifiedPriceHistory_1465ccee416dc83c79100199dfda32ac.html]
[sahibinden.tr-s.com.tr/assets/mobil/images/classifiedPriceHistory_2x_caaa33b4daf9dc15aa9d52de6d32ae8b.html]
[sahibinden.tr-s.com.tr/assets/mobil/images/poi_f8832fc7623470fc28f50bf4e3f43c91.html]
[sahibinden.tr-s.com.tr/assets/mobil/images/poi_2x_24902dfaf0776ab73354bc222fec2107.html]
[sahibinden.tr-s.com.tr/assets/mobil/images/safe_payment_d753325bc2395428d111c173bb4ec3aa.html]
[sahibinden.tr-s.com.tr/assets/mobil/images/down_0d5dfc091b9d20b4fe96fe52d4b476bb.html]
[sahibinden.tr-s.com.tr/assets/mobil/images/auto360_939f670f5cddb785fd6e0881d860d19a.html]
[sahibinden.tr-s.com.tr/assets/mobil/images/auto360_2x_03e00397d2f390d78330ec4c645f6e13.html]
[sahibinden.tr-s.com.tr/assets/mobil/images/form_success_3570835ebc44e263e6250e66a08ecc79.html]
[sahibinden.tr-s.com.tr/assets/mobil/images/commonToast_c02551e55a2e43ae9999db10d8ef9b6b.html]
[sahibinden.tr-s.com.tr/assets/mobil/images/commonToast_2x_29d9ed300fac10fdd6a874dbc1365871.html]
[sahibinden.tr-s.com.tr/assets/mobil/images/favorite_preferences_success_icon_9c2b84beebf2eaaf97c36e51a705dd33.html]
